Archive member included because of file (symbol)

c:/program files (x86)/atmel/atmel studio 6.0/extensions/atmel/avrgcc/3.4.0.65/avrtoolchain/bin/../lib/gcc/avr/4.6.2/../../../../avr/lib/avr5\libm.a(addsf3.o)
                              final_spark_code.o (__addsf3)
c:/program files (x86)/atmel/atmel studio 6.0/extensions/atmel/avrgcc/3.4.0.65/avrtoolchain/bin/../lib/gcc/avr/4.6.2/../../../../avr/lib/avr5\libm.a(addsf3x.o)
                              c:/program files (x86)/atmel/atmel studio 6.0/extensions/atmel/avrgcc/3.4.0.65/avrtoolchain/bin/../lib/gcc/avr/4.6.2/../../../../avr/lib/avr5\libm.a(addsf3.o) (__addsf3x)
c:/program files (x86)/atmel/atmel studio 6.0/extensions/atmel/avrgcc/3.4.0.65/avrtoolchain/bin/../lib/gcc/avr/4.6.2/../../../../avr/lib/avr5\libm.a(divsf3.o)
                              final_spark_code.o (__divsf3)
c:/program files (x86)/atmel/atmel studio 6.0/extensions/atmel/avrgcc/3.4.0.65/avrtoolchain/bin/../lib/gcc/avr/4.6.2/../../../../avr/lib/avr5\libm.a(divsf3x.o)
                              c:/program files (x86)/atmel/atmel studio 6.0/extensions/atmel/avrgcc/3.4.0.65/avrtoolchain/bin/../lib/gcc/avr/4.6.2/../../../../avr/lib/avr5\libm.a(divsf3.o) (__divsf3x)
c:/program files (x86)/atmel/atmel studio 6.0/extensions/atmel/avrgcc/3.4.0.65/avrtoolchain/bin/../lib/gcc/avr/4.6.2/../../../../avr/lib/avr5\libm.a(fixunssfsi.o)
                              final_spark_code.o (__fixunssfsi)
c:/program files (x86)/atmel/atmel studio 6.0/extensions/atmel/avrgcc/3.4.0.65/avrtoolchain/bin/../lib/gcc/avr/4.6.2/../../../../avr/lib/avr5\libm.a(floatsisf.o)
                              final_spark_code.o (__floatunsisf)
c:/program files (x86)/atmel/atmel studio 6.0/extensions/atmel/avrgcc/3.4.0.65/avrtoolchain/bin/../lib/gcc/avr/4.6.2/../../../../avr/lib/avr5\libm.a(fp_inf.o)
                              c:/program files (x86)/atmel/atmel studio 6.0/extensions/atmel/avrgcc/3.4.0.65/avrtoolchain/bin/../lib/gcc/avr/4.6.2/../../../../avr/lib/avr5\libm.a(addsf3x.o) (__fp_inf)
c:/program files (x86)/atmel/atmel studio 6.0/extensions/atmel/avrgcc/3.4.0.65/avrtoolchain/bin/../lib/gcc/avr/4.6.2/../../../../avr/lib/avr5\libm.a(fp_nan.o)
                              c:/program files (x86)/atmel/atmel studio 6.0/extensions/atmel/avrgcc/3.4.0.65/avrtoolchain/bin/../lib/gcc/avr/4.6.2/../../../../avr/lib/avr5\libm.a(addsf3x.o) (__fp_nan)
c:/program files (x86)/atmel/atmel studio 6.0/extensions/atmel/avrgcc/3.4.0.65/avrtoolchain/bin/../lib/gcc/avr/4.6.2/../../../../avr/lib/avr5\libm.a(fp_pscA.o)
                              c:/program files (x86)/atmel/atmel studio 6.0/extensions/atmel/avrgcc/3.4.0.65/avrtoolchain/bin/../lib/gcc/avr/4.6.2/../../../../avr/lib/avr5\libm.a(addsf3x.o) (__fp_pscA)
c:/program files (x86)/atmel/atmel studio 6.0/extensions/atmel/avrgcc/3.4.0.65/avrtoolchain/bin/../lib/gcc/avr/4.6.2/../../../../avr/lib/avr5\libm.a(fp_pscB.o)
                              c:/program files (x86)/atmel/atmel studio 6.0/extensions/atmel/avrgcc/3.4.0.65/avrtoolchain/bin/../lib/gcc/avr/4.6.2/../../../../avr/lib/avr5\libm.a(addsf3x.o) (__fp_pscB)
c:/program files (x86)/atmel/atmel studio 6.0/extensions/atmel/avrgcc/3.4.0.65/avrtoolchain/bin/../lib/gcc/avr/4.6.2/../../../../avr/lib/avr5\libm.a(fp_round.o)
                              c:/program files (x86)/atmel/atmel studio 6.0/extensions/atmel/avrgcc/3.4.0.65/avrtoolchain/bin/../lib/gcc/avr/4.6.2/../../../../avr/lib/avr5\libm.a(addsf3.o) (__fp_round)
c:/program files (x86)/atmel/atmel studio 6.0/extensions/atmel/avrgcc/3.4.0.65/avrtoolchain/bin/../lib/gcc/avr/4.6.2/../../../../avr/lib/avr5\libm.a(fp_split3.o)
                              c:/program files (x86)/atmel/atmel studio 6.0/extensions/atmel/avrgcc/3.4.0.65/avrtoolchain/bin/../lib/gcc/avr/4.6.2/../../../../avr/lib/avr5\libm.a(addsf3x.o) (__fp_split3)
c:/program files (x86)/atmel/atmel studio 6.0/extensions/atmel/avrgcc/3.4.0.65/avrtoolchain/bin/../lib/gcc/avr/4.6.2/../../../../avr/lib/avr5\libm.a(fp_zero.o)
                              c:/program files (x86)/atmel/atmel studio 6.0/extensions/atmel/avrgcc/3.4.0.65/avrtoolchain/bin/../lib/gcc/avr/4.6.2/../../../../avr/lib/avr5\libm.a(addsf3x.o) (__fp_zero)
c:/program files (x86)/atmel/atmel studio 6.0/extensions/atmel/avrgcc/3.4.0.65/avrtoolchain/bin/../lib/gcc/avr/4.6.2/avr5\libgcc.a(_divmodhi4.o)
                              final_spark_code.o (__divmodhi4)
c:/program files (x86)/atmel/atmel studio 6.0/extensions/atmel/avrgcc/3.4.0.65/avrtoolchain/bin/../lib/gcc/avr/4.6.2/avr5\libgcc.a(_exit.o)
                              c:/program files (x86)/atmel/atmel studio 6.0/extensions/atmel/avrgcc/3.4.0.65/avrtoolchain/bin/../lib/gcc/avr/4.6.2/../../../../avr/lib/avr5/crtm16.o (exit)
c:/program files (x86)/atmel/atmel studio 6.0/extensions/atmel/avrgcc/3.4.0.65/avrtoolchain/bin/../lib/gcc/avr/4.6.2/avr5\libgcc.a(_copy_data.o)
                              final_spark_code.o (__do_copy_data)
c:/program files (x86)/atmel/atmel studio 6.0/extensions/atmel/avrgcc/3.4.0.65/avrtoolchain/bin/../lib/gcc/avr/4.6.2/avr5\libgcc.a(_clear_bss.o)
                              final_spark_code.o (__do_clear_bss)
c:/program files (x86)/atmel/atmel studio 6.0/extensions/atmel/avrgcc/3.4.0.65/avrtoolchain/bin/../lib/gcc/avr/4.6.2/avr5\libgcc.a(_udivmodhi4.o)
                              c:/program files (x86)/atmel/atmel studio 6.0/extensions/atmel/avrgcc/3.4.0.65/avrtoolchain/bin/../lib/gcc/avr/4.6.2/avr5\libgcc.a(_divmodhi4.o) (__udivmodhi4)

Allocating common symbols
Common symbol       size              file

green_nodes         0xc               final_spark_code.o
blue_nodes          0xc               final_spark_code.o
blue                0x4               final_spark_code.o
Degrees             0x2               final_spark_code.o
green_side          0xc               final_spark_code.o
blue_side           0x14              final_spark_code.o
green               0x4               final_spark_code.o
red                 0x4               final_spark_code.o
path1               0xf               final_spark_code.o
ADC_Value           0x1               final_spark_code.o
Center_ultrasonic_Sensor
                    0x1               final_spark_code.o
Right_ultrasonic_Sensor
                    0x1               final_spark_code.o
BATT_Voltage        0x2               final_spark_code.o
Left_ultrasonic_Sensor
                    0x1               final_spark_code.o
data                0x15              final_spark_code.o
ADC_Value_sharp     0x1               final_spark_code.o
red_nodes           0xc               final_spark_code.o
red_side            0x14              final_spark_code.o

Memory Configuration

Name             Origin             Length             Attributes
text             0x00000000         0x00020000         xr
data             0x00800060         0x0000ffa0         rw !x
eeprom           0x00810000         0x00010000         rw !x
fuse             0x00820000         0x00000400         rw !x
lock             0x00830000         0x00000400         rw !x
signature        0x00840000         0x00000400         rw !x
*default*        0x00000000         0xffffffff

Linker script and memory map

LOAD c:/program files (x86)/atmel/atmel studio 6.0/extensions/atmel/avrgcc/3.4.0.65/avrtoolchain/bin/../lib/gcc/avr/4.6.2/../../../../avr/lib/avr5/crtm16.o
LOAD final_spark_code.o
START GROUP
LOAD c:/program files (x86)/atmel/atmel studio 6.0/extensions/atmel/avrgcc/3.4.0.65/avrtoolchain/bin/../lib/gcc/avr/4.6.2/../../../../avr/lib/avr5\libm.a
END GROUP
LOAD c:/program files (x86)/atmel/atmel studio 6.0/extensions/atmel/avrgcc/3.4.0.65/avrtoolchain/bin/../lib/gcc/avr/4.6.2/avr5\libgcc.a
LOAD c:/program files (x86)/atmel/atmel studio 6.0/extensions/atmel/avrgcc/3.4.0.65/avrtoolchain/bin/../lib/gcc/avr/4.6.2/../../../../avr/lib/avr5\libc.a
LOAD c:/program files (x86)/atmel/atmel studio 6.0/extensions/atmel/avrgcc/3.4.0.65/avrtoolchain/bin/../lib/gcc/avr/4.6.2/avr5\libgcc.a

.hash
 *(.hash)

.dynsym
 *(.dynsym)

.dynstr
 *(.dynstr)

.gnu.version
 *(.gnu.version)

.gnu.version_d
 *(.gnu.version_d)

.gnu.version_r
 *(.gnu.version_r)

.rel.init
 *(.rel.init)

.rela.init
 *(.rela.init)

.rel.text
 *(.rel.text)
 *(.rel.text.*)
 *(.rel.gnu.linkonce.t*)

.rela.text
 *(.rela.text)
 *(.rela.text.*)
 *(.rela.gnu.linkonce.t*)

.rel.fini
 *(.rel.fini)

.rela.fini
 *(.rela.fini)

.rel.rodata
 *(.rel.rodata)
 *(.rel.rodata.*)
 *(.rel.gnu.linkonce.r*)

.rela.rodata
 *(.rela.rodata)
 *(.rela.rodata.*)
 *(.rela.gnu.linkonce.r*)

.rel.data
 *(.rel.data)
 *(.rel.data.*)
 *(.rel.gnu.linkonce.d*)

.rela.data
 *(.rela.data)
 *(.rela.data.*)
 *(.rela.gnu.linkonce.d*)

.rel.ctors
 *(.rel.ctors)

.rela.ctors
 *(.rela.ctors)

.rel.dtors
 *(.rel.dtors)

.rela.dtors
 *(.rela.dtors)

.rel.got
 *(.rel.got)

.rela.got
 *(.rela.got)

.rel.bss
 *(.rel.bss)

.rela.bss
 *(.rela.bss)

.rel.plt
 *(.rel.plt)

.rela.plt
 *(.rela.plt)

.text           0x00000000     0x1f12
 *(.vectors)
 .vectors       0x00000000       0x54 c:/program files (x86)/atmel/atmel studio 6.0/extensions/atmel/avrgcc/3.4.0.65/avrtoolchain/bin/../lib/gcc/avr/4.6.2/../../../../avr/lib/avr5/crtm16.o
                0x00000000                __vector_default
                0x00000000                __vectors
 *(.vectors)
 *(.progmem.gcc*)
 *(.progmem*)
                0x00000054                . = ALIGN (0x2)
                0x00000054                __trampolines_start = .
 *(.trampolines)
 .trampolines   0x00000054        0x0 linker stubs
 *(.trampolines*)
                0x00000054                __trampolines_end = .
 *(.jumptables)
 *(.jumptables*)
 *(.lowtext)
 *(.lowtext*)
                0x00000054                __ctors_start = .
 *(.ctors)
                0x00000054                __ctors_end = .
                0x00000054                __dtors_start = .
 *(.dtors)
                0x00000054                __dtors_end = .
 SORT(*)(.ctors)
 SORT(*)(.dtors)
 *(.init0)
 .init0         0x00000054        0x0 c:/program files (x86)/atmel/atmel studio 6.0/extensions/atmel/avrgcc/3.4.0.65/avrtoolchain/bin/../lib/gcc/avr/4.6.2/../../../../avr/lib/avr5/crtm16.o
                0x00000054                __init
 *(.init0)
 *(.init1)
 *(.init1)
 *(.init2)
 .init2         0x00000054        0xc c:/program files (x86)/atmel/atmel studio 6.0/extensions/atmel/avrgcc/3.4.0.65/avrtoolchain/bin/../lib/gcc/avr/4.6.2/../../../../avr/lib/avr5/crtm16.o
 *(.init2)
 *(.init3)
 *(.init3)
 *(.init4)
 .init4         0x00000060       0x16 c:/program files (x86)/atmel/atmel studio 6.0/extensions/atmel/avrgcc/3.4.0.65/avrtoolchain/bin/../lib/gcc/avr/4.6.2/avr5\libgcc.a(_copy_data.o)
                0x00000060                __do_copy_data
 .init4         0x00000076       0x10 c:/program files (x86)/atmel/atmel studio 6.0/extensions/atmel/avrgcc/3.4.0.65/avrtoolchain/bin/../lib/gcc/avr/4.6.2/avr5\libgcc.a(_clear_bss.o)
                0x00000076                __do_clear_bss
 *(.init4)
 *(.init5)
 *(.init5)
 *(.init6)
 *(.init6)
 *(.init7)
 *(.init7)
 *(.init8)
 *(.init8)
 *(.init9)
 .init9         0x00000086        0x8 c:/program files (x86)/atmel/atmel studio 6.0/extensions/atmel/avrgcc/3.4.0.65/avrtoolchain/bin/../lib/gcc/avr/4.6.2/../../../../avr/lib/avr5/crtm16.o
 *(.init9)
 *(.text)
 .text          0x0000008e        0x4 c:/program files (x86)/atmel/atmel studio 6.0/extensions/atmel/avrgcc/3.4.0.65/avrtoolchain/bin/../lib/gcc/avr/4.6.2/../../../../avr/lib/avr5/crtm16.o
                0x0000008e                __vector_12
                0x0000008e                __bad_interrupt
                0x0000008e                __vector_6
                0x0000008e                __vector_3
                0x0000008e                __vector_13
                0x0000008e                __vector_17
                0x0000008e                __vector_19
                0x0000008e                __vector_7
                0x0000008e                __vector_4
                0x0000008e                __vector_9
                0x0000008e                __vector_15
                0x0000008e                __vector_8
                0x0000008e                __vector_14
                0x0000008e                __vector_10
                0x0000008e                __vector_16
                0x0000008e                __vector_18
                0x0000008e                __vector_20
 .text          0x00000092     0x1b20 final_spark_code.o
                0x00000092                do_task
                0x00000174                buzzer_pin_config
                0x0000017a                port_init_buzzer
                0x00000180                buzzer_on
                0x00000188                buzzer_off
                0x00000190                buzzer_beep
                0x000001be                init_devices_buzzer
                0x000001c8                main_function7
                0x0000054a                motion_pin_config_pos
                0x00000564                left_encoder_pin_config
                0x0000056a                right_encoder_pin_config
                0x00000570                port_init_pos
                0x0000057e                left_position_encoder_interrupt_init
                0x00000590                right_position_encoder_interrupt_init
                0x000005a2                __vector_1
                0x000005ec                __vector_2
                0x00000636                motion_set_pos
                0x00000642                forward_pos
                0x0000064a                back_pos
                0x00000652                left_pos
                0x0000065a                right_pos
                0x00000662                soft_left_pos
                0x0000066a                soft_right_pos
                0x00000672                soft_left_2_pos
                0x0000067a                soft_right_2_pos
                0x00000682                stop_pos
                0x0000068a                angle_rotate
                0x00000726                linear_distance_mm
                0x00000778                forward_mm
                0x0000078e                back_mm
                0x000007a4                left_degrees
                0x000007ba                right_degrees
                0x000007d0                soft_left_degrees
                0x000007ea                soft_right_degrees
                0x00000804                soft_left_2_degrees
                0x0000081e                soft_right_2_degrees
                0x00000838                init_devices_pos
                0x0000084a                servo1_pin_config
                0x00000850                port_init_servo
                0x00000856                timer2_init
                0x0000086c                init_devices_servo
                0x0000087a                servo_1
                0x000008a6                servo_1_free
                0x000008ac                adc_pin_config_sharp
                0x000008b2                ultrsonic_trigger_config
                0x000008ba                port_init_sharp
                0x000008c4                adc_init_sharp
                0x000008d4                ADC_Conversion_sharp
                0x000008e6                ultrasonic_trigger
                0x000008f2                init_devices_sharp
                0x00000900                servo100
                0x000009ba                servo101
                0x00000a74                lcd_port_config
                0x00000a82                adc_pin_config
                0x00000a88                motion_pin_config
                0x00000aa2                port_init
                0x00000ab0                timer1_init
                0x00000ad0                adc_init
                0x00000ae0                ADC_Conversion
                0x00000af2                print_sensor
                0x00000afe                motion_set
                0x00000b0a                forward
                0x00000b12                back
                0x00000b1a                left
                0x00000b22                right
                0x00000b2a                hard_stop
                0x00000b32                s_L
                0x00000b3a                S_R
                0x00000b42                S_STOP
                0x00000b4a                velocity
                0x00000b54                success
                0x00000cda                init_devices
                0x00000cec                line_follower
                0x00000f5c                color_sensor_pin_config
                0x00000f62                port_init_color
                0x00000f68                color_sensor_pin_interrupt_init
                0x00000f78                __vector_5
                0x00000fc2                init_devices_color
                0x00000fd0                filter_red
                0x00000fd6                filter_green
                0x00000fdc                filter_blue
                0x00000fe2                filter_clear
                0x00000fe8                color_sensor_scaling
                0x00000fee                red_read
                0x00001036                green_read
                0x0000107e                blue_read
                0x000010c6                colour
                0x00001140                color_sensor_work
                0x000011ee                buzzer_pin_config_zigbee
                0x000011f4                port_init_zigbee
                0x000011fa                uart0_init_zigbee
                0x0000120e                conversion
                0x000012aa                buzzer_on_zigbee
                0x000012b2                buzzer_off_zigbee
                0x000012ba                init_devices_zigbee
                0x000012c8                __vector_11
                0x00001440                USARTWriteChar
                0x00001444                direction
                0x000018c8                array_init
                0x00001912                ReachDestinationAvoidingNode
                0x0000199c                main
 .text          0x00001bb2        0x0 c:/program files (x86)/atmel/atmel studio 6.0/extensions/atmel/avrgcc/3.4.0.65/avrtoolchain/bin/../lib/gcc/avr/4.6.2/../../../../avr/lib/avr5\libm.a(addsf3.o)
 .text          0x00001bb2        0x0 c:/program files (x86)/atmel/atmel studio 6.0/extensions/atmel/avrgcc/3.4.0.65/avrtoolchain/bin/../lib/gcc/avr/4.6.2/../../../../avr/lib/avr5\libm.a(addsf3x.o)
 .text          0x00001bb2        0x0 c:/program files (x86)/atmel/atmel studio 6.0/extensions/atmel/avrgcc/3.4.0.65/avrtoolchain/bin/../lib/gcc/avr/4.6.2/../../../../avr/lib/avr5\libm.a(divsf3.o)
 .text          0x00001bb2        0x0 c:/program files (x86)/atmel/atmel studio 6.0/extensions/atmel/avrgcc/3.4.0.65/avrtoolchain/bin/../lib/gcc/avr/4.6.2/../../../../avr/lib/avr5\libm.a(divsf3x.o)
 .text          0x00001bb2        0x0 c:/program files (x86)/atmel/atmel studio 6.0/extensions/atmel/avrgcc/3.4.0.65/avrtoolchain/bin/../lib/gcc/avr/4.6.2/../../../../avr/lib/avr5\libm.a(fixunssfsi.o)
 .text          0x00001bb2        0x0 c:/program files (x86)/atmel/atmel studio 6.0/extensions/atmel/avrgcc/3.4.0.65/avrtoolchain/bin/../lib/gcc/avr/4.6.2/../../../../avr/lib/avr5\libm.a(floatsisf.o)
 .text          0x00001bb2        0x0 c:/program files (x86)/atmel/atmel studio 6.0/extensions/atmel/avrgcc/3.4.0.65/avrtoolchain/bin/../lib/gcc/avr/4.6.2/../../../../avr/lib/avr5\libm.a(fp_inf.o)
 .text          0x00001bb2        0x0 c:/program files (x86)/atmel/atmel studio 6.0/extensions/atmel/avrgcc/3.4.0.65/avrtoolchain/bin/../lib/gcc/avr/4.6.2/../../../../avr/lib/avr5\libm.a(fp_nan.o)
 .text          0x00001bb2        0x0 c:/program files (x86)/atmel/atmel studio 6.0/extensions/atmel/avrgcc/3.4.0.65/avrtoolchain/bin/../lib/gcc/avr/4.6.2/../../../../avr/lib/avr5\libm.a(fp_pscA.o)
 .text          0x00001bb2        0x0 c:/program files (x86)/atmel/atmel studio 6.0/extensions/atmel/avrgcc/3.4.0.65/avrtoolchain/bin/../lib/gcc/avr/4.6.2/../../../../avr/lib/avr5\libm.a(fp_pscB.o)
 .text          0x00001bb2        0x0 c:/program files (x86)/atmel/atmel studio 6.0/extensions/atmel/avrgcc/3.4.0.65/avrtoolchain/bin/../lib/gcc/avr/4.6.2/../../../../avr/lib/avr5\libm.a(fp_round.o)
 .text          0x00001bb2        0x0 c:/program files (x86)/atmel/atmel studio 6.0/extensions/atmel/avrgcc/3.4.0.65/avrtoolchain/bin/../lib/gcc/avr/4.6.2/../../../../avr/lib/avr5\libm.a(fp_split3.o)
 .text          0x00001bb2        0x0 c:/program files (x86)/atmel/atmel studio 6.0/extensions/atmel/avrgcc/3.4.0.65/avrtoolchain/bin/../lib/gcc/avr/4.6.2/../../../../avr/lib/avr5\libm.a(fp_zero.o)
 .text          0x00001bb2        0x0 c:/program files (x86)/atmel/atmel studio 6.0/extensions/atmel/avrgcc/3.4.0.65/avrtoolchain/bin/../lib/gcc/avr/4.6.2/avr5\libgcc.a(_divmodhi4.o)
 .text          0x00001bb2        0x0 c:/program files (x86)/atmel/atmel studio 6.0/extensions/atmel/avrgcc/3.4.0.65/avrtoolchain/bin/../lib/gcc/avr/4.6.2/avr5\libgcc.a(_exit.o)
 .text          0x00001bb2        0x0 c:/program files (x86)/atmel/atmel studio 6.0/extensions/atmel/avrgcc/3.4.0.65/avrtoolchain/bin/../lib/gcc/avr/4.6.2/avr5\libgcc.a(_copy_data.o)
 .text          0x00001bb2        0x0 c:/program files (x86)/atmel/atmel studio 6.0/extensions/atmel/avrgcc/3.4.0.65/avrtoolchain/bin/../lib/gcc/avr/4.6.2/avr5\libgcc.a(_clear_bss.o)
 .text          0x00001bb2        0x0 c:/program files (x86)/atmel/atmel studio 6.0/extensions/atmel/avrgcc/3.4.0.65/avrtoolchain/bin/../lib/gcc/avr/4.6.2/avr5\libgcc.a(_udivmodhi4.o)
                0x00001bb2                . = ALIGN (0x2)
 *(.text.*)
 .text.avr-libc.fplib
                0x00001bb2        0xa c:/program files (x86)/atmel/atmel studio 6.0/extensions/atmel/avrgcc/3.4.0.65/avrtoolchain/bin/../lib/gcc/avr/4.6.2/../../../../avr/lib/avr5\libm.a(addsf3.o)
                0x00001bb2                __subsf3
                0x00001bb4                __addsf3
 .text.avr-libc.fplib
                0x00001bbc       0xc0 c:/program files (x86)/atmel/atmel studio 6.0/extensions/atmel/avrgcc/3.4.0.65/avrtoolchain/bin/../lib/gcc/avr/4.6.2/../../../../avr/lib/avr5\libm.a(addsf3x.o)
                0x00001bd6                __addsf3x
 .text.avr-libc.fplib
                0x00001c7c        0x4 c:/program files (x86)/atmel/atmel studio 6.0/extensions/atmel/avrgcc/3.4.0.65/avrtoolchain/bin/../lib/gcc/avr/4.6.2/../../../../avr/lib/avr5\libm.a(divsf3.o)
                0x00001c7c                __divsf3
 .text.avr-libc.fplib
                0x00001c80       0xcc c:/program files (x86)/atmel/atmel studio 6.0/extensions/atmel/avrgcc/3.4.0.65/avrtoolchain/bin/../lib/gcc/avr/4.6.2/../../../../avr/lib/avr5\libm.a(divsf3x.o)
                0x00001c96                __divsf3x
                0x00001c9a                __divsf3_pse
 .text.avr-libc.fplib
                0x00001d4c       0x58 c:/program files (x86)/atmel/atmel studio 6.0/extensions/atmel/avrgcc/3.4.0.65/avrtoolchain/bin/../lib/gcc/avr/4.6.2/../../../../avr/lib/avr5\libm.a(fixunssfsi.o)
                0x00001d4c                __fixunssfsi
 .text.avr-libc.fplib
                0x00001da4       0x7a c:/program files (x86)/atmel/atmel studio 6.0/extensions/atmel/avrgcc/3.4.0.65/avrtoolchain/bin/../lib/gcc/avr/4.6.2/../../../../avr/lib/avr5\libm.a(floatsisf.o)
                0x00001da4                __floatunsisf
                0x00001da8                __floatsisf
 .text.avr-libc.fplib
                0x00001e1e        0xc c:/program files (x86)/atmel/atmel studio 6.0/extensions/atmel/avrgcc/3.4.0.65/avrtoolchain/bin/../lib/gcc/avr/4.6.2/../../../../avr/lib/avr5\libm.a(fp_inf.o)
                0x00001e1e                __fp_inf
 .text.avr-libc.fplib
                0x00001e2a        0x6 c:/program files (x86)/atmel/atmel studio 6.0/extensions/atmel/avrgcc/3.4.0.65/avrtoolchain/bin/../lib/gcc/avr/4.6.2/../../../../avr/lib/avr5\libm.a(fp_nan.o)
                0x00001e2a                __fp_nan
 .text.avr-libc.fplib
                0x00001e30        0xe c:/program files (x86)/atmel/atmel studio 6.0/extensions/atmel/avrgcc/3.4.0.65/avrtoolchain/bin/../lib/gcc/avr/4.6.2/../../../../avr/lib/avr5\libm.a(fp_pscA.o)
                0x00001e30                __fp_pscA
 .text.avr-libc.fplib
                0x00001e3e        0xe c:/program files (x86)/atmel/atmel studio 6.0/extensions/atmel/avrgcc/3.4.0.65/avrtoolchain/bin/../lib/gcc/avr/4.6.2/../../../../avr/lib/avr5\libm.a(fp_pscB.o)
                0x00001e3e                __fp_pscB
 .text.avr-libc.fplib
                0x00001e4c       0x22 c:/program files (x86)/atmel/atmel studio 6.0/extensions/atmel/avrgcc/3.4.0.65/avrtoolchain/bin/../lib/gcc/avr/4.6.2/../../../../avr/lib/avr5\libm.a(fp_round.o)
                0x00001e4c                __fp_round
 .text.avr-libc.fplib
                0x00001e6e       0x44 c:/program files (x86)/atmel/atmel studio 6.0/extensions/atmel/avrgcc/3.4.0.65/avrtoolchain/bin/../lib/gcc/avr/4.6.2/../../../../avr/lib/avr5\libm.a(fp_split3.o)
                0x00001e6e                __fp_split3
                0x00001e7e                __fp_splitA
 .text.avr-libc.fplib
                0x00001eb2        0xe c:/program files (x86)/atmel/atmel studio 6.0/extensions/atmel/avrgcc/3.4.0.65/avrtoolchain/bin/../lib/gcc/avr/4.6.2/../../../../avr/lib/avr5\libm.a(fp_zero.o)
                0x00001eb2                __fp_zero
                0x00001eb4                __fp_szero
 .text.libgcc   0x00001ec0       0x26 c:/program files (x86)/atmel/atmel studio 6.0/extensions/atmel/avrgcc/3.4.0.65/avrtoolchain/bin/../lib/gcc/avr/4.6.2/avr5\libgcc.a(_divmodhi4.o)
                0x00001ec0                _div
                0x00001ec0                __divmodhi4
 .text.libgcc   0x00001ee6        0x0 c:/program files (x86)/atmel/atmel studio 6.0/extensions/atmel/avrgcc/3.4.0.65/avrtoolchain/bin/../lib/gcc/avr/4.6.2/avr5\libgcc.a(_exit.o)
 .text.libgcc   0x00001ee6        0x0 c:/program files (x86)/atmel/atmel studio 6.0/extensions/atmel/avrgcc/3.4.0.65/avrtoolchain/bin/../lib/gcc/avr/4.6.2/avr5\libgcc.a(_copy_data.o)
 .text.libgcc   0x00001ee6        0x0 c:/program files (x86)/atmel/atmel studio 6.0/extensions/atmel/avrgcc/3.4.0.65/avrtoolchain/bin/../lib/gcc/avr/4.6.2/avr5\libgcc.a(_clear_bss.o)
 .text.libgcc   0x00001ee6       0x28 c:/program files (x86)/atmel/atmel studio 6.0/extensions/atmel/avrgcc/3.4.0.65/avrtoolchain/bin/../lib/gcc/avr/4.6.2/avr5\libgcc.a(_udivmodhi4.o)
                0x00001ee6                __udivmodhi4
                0x00001f0e                . = ALIGN (0x2)
 *(.fini9)
 .fini9         0x00001f0e        0x0 c:/program files (x86)/atmel/atmel studio 6.0/extensions/atmel/avrgcc/3.4.0.65/avrtoolchain/bin/../lib/gcc/avr/4.6.2/avr5\libgcc.a(_exit.o)
                0x00001f0e                _exit
                0x00001f0e                exit
 *(.fini9)
 *(.fini8)
 *(.fini8)
 *(.fini7)
 *(.fini7)
 *(.fini6)
 *(.fini6)
 *(.fini5)
 *(.fini5)
 *(.fini4)
 *(.fini4)
 *(.fini3)
 *(.fini3)
 *(.fini2)
 *(.fini2)
 *(.fini1)
 *(.fini1)
 *(.fini0)
 .fini0         0x00001f0e        0x4 c:/program files (x86)/atmel/atmel studio 6.0/extensions/atmel/avrgcc/3.4.0.65/avrtoolchain/bin/../lib/gcc/avr/4.6.2/avr5\libgcc.a(_exit.o)
 *(.fini0)
                0x00001f12                _etext = .

.data           0x00800060        0xa load address 0x00001f12
                0x00800060                PROVIDE (__data_start, .)
 *(.data)
 .data          0x00800060        0x0 c:/program files (x86)/atmel/atmel studio 6.0/extensions/atmel/avrgcc/3.4.0.65/avrtoolchain/bin/../lib/gcc/avr/4.6.2/../../../../avr/lib/avr5/crtm16.o
 .data          0x00800060        0x9 final_spark_code.o
                0x00800060                mark
                0x00800061                gs
                0x00800062                gn
                0x00800063                bs
                0x00800064                b
                0x00800065                stage
                0x00800066                dir
                0x00800067                des
                0x00800068                start
 .data          0x00800069        0x0 c:/program files (x86)/atmel/atmel studio 6.0/extensions/atmel/avrgcc/3.4.0.65/avrtoolchain/bin/../lib/gcc/avr/4.6.2/../../../../avr/lib/avr5\libm.a(addsf3.o)
 .data          0x00800069        0x0 c:/program files (x86)/atmel/atmel studio 6.0/extensions/atmel/avrgcc/3.4.0.65/avrtoolchain/bin/../lib/gcc/avr/4.6.2/../../../../avr/lib/avr5\libm.a(addsf3x.o)
 .data          0x00800069        0x0 c:/program files (x86)/atmel/atmel studio 6.0/extensions/atmel/avrgcc/3.4.0.65/avrtoolchain/bin/../lib/gcc/avr/4.6.2/../../../../avr/lib/avr5\libm.a(divsf3.o)
 .data          0x00800069        0x0 c:/program files (x86)/atmel/atmel studio 6.0/extensions/atmel/avrgcc/3.4.0.65/avrtoolchain/bin/../lib/gcc/avr/4.6.2/../../../../avr/lib/avr5\libm.a(divsf3x.o)
 .data          0x00800069        0x0 c:/program files (x86)/atmel/atmel studio 6.0/extensions/atmel/avrgcc/3.4.0.65/avrtoolchain/bin/../lib/gcc/avr/4.6.2/../../../../avr/lib/avr5\libm.a(fixunssfsi.o)
 .data          0x00800069        0x0 c:/program files (x86)/atmel/atmel studio 6.0/extensions/atmel/avrgcc/3.4.0.65/avrtoolchain/bin/../lib/gcc/avr/4.6.2/../../../../avr/lib/avr5\libm.a(floatsisf.o)
 .data          0x00800069        0x0 c:/program files (x86)/atmel/atmel studio 6.0/extensions/atmel/avrgcc/3.4.0.65/avrtoolchain/bin/../lib/gcc/avr/4.6.2/../../../../avr/lib/avr5\libm.a(fp_inf.o)
 .data          0x00800069        0x0 c:/program files (x86)/atmel/atmel studio 6.0/extensions/atmel/avrgcc/3.4.0.65/avrtoolchain/bin/../lib/gcc/avr/4.6.2/../../../../avr/lib/avr5\libm.a(fp_nan.o)
 .data          0x00800069        0x0 c:/program files (x86)/atmel/atmel studio 6.0/extensions/atmel/avrgcc/3.4.0.65/avrtoolchain/bin/../lib/gcc/avr/4.6.2/../../../../avr/lib/avr5\libm.a(fp_pscA.o)
 .data          0x00800069        0x0 c:/program files (x86)/atmel/atmel studio 6.0/extensions/atmel/avrgcc/3.4.0.65/avrtoolchain/bin/../lib/gcc/avr/4.6.2/../../../../avr/lib/avr5\libm.a(fp_pscB.o)
 .data          0x00800069        0x0 c:/program files (x86)/atmel/atmel studio 6.0/extensions/atmel/avrgcc/3.4.0.65/avrtoolchain/bin/../lib/gcc/avr/4.6.2/../../../../avr/lib/avr5\libm.a(fp_round.o)
 .data          0x00800069        0x0 c:/program files (x86)/atmel/atmel studio 6.0/extensions/atmel/avrgcc/3.4.0.65/avrtoolchain/bin/../lib/gcc/avr/4.6.2/../../../../avr/lib/avr5\libm.a(fp_split3.o)
 .data          0x00800069        0x0 c:/program files (x86)/atmel/atmel studio 6.0/extensions/atmel/avrgcc/3.4.0.65/avrtoolchain/bin/../lib/gcc/avr/4.6.2/../../../../avr/lib/avr5\libm.a(fp_zero.o)
 .data          0x00800069        0x0 c:/program files (x86)/atmel/atmel studio 6.0/extensions/atmel/avrgcc/3.4.0.65/avrtoolchain/bin/../lib/gcc/avr/4.6.2/avr5\libgcc.a(_divmodhi4.o)
 .data          0x00800069        0x0 c:/program files (x86)/atmel/atmel studio 6.0/extensions/atmel/avrgcc/3.4.0.65/avrtoolchain/bin/../lib/gcc/avr/4.6.2/avr5\libgcc.a(_exit.o)
 .data          0x00800069        0x0 c:/program files (x86)/atmel/atmel studio 6.0/extensions/atmel/avrgcc/3.4.0.65/avrtoolchain/bin/../lib/gcc/avr/4.6.2/avr5\libgcc.a(_copy_data.o)
 .data          0x00800069        0x0 c:/program files (x86)/atmel/atmel studio 6.0/extensions/atmel/avrgcc/3.4.0.65/avrtoolchain/bin/../lib/gcc/avr/4.6.2/avr5\libgcc.a(_clear_bss.o)
 .data          0x00800069        0x0 c:/program files (x86)/atmel/atmel studio 6.0/extensions/atmel/avrgcc/3.4.0.65/avrtoolchain/bin/../lib/gcc/avr/4.6.2/avr5\libgcc.a(_udivmodhi4.o)
 *(.data*)
 *(.rodata)
 *(.rodata*)
 *(.gnu.linkonce.d*)
                0x0080006a                . = ALIGN (0x2)
 *fill*         0x00800069        0x1 00
                0x0080006a                _edata = .
                0x0080006a                PROVIDE (__data_end, .)

.bss            0x0080006a       0xa9
                0x0080006a                PROVIDE (__bss_start, .)
 *(.bss)
 .bss           0x0080006a        0x0 c:/program files (x86)/atmel/atmel studio 6.0/extensions/atmel/avrgcc/3.4.0.65/avrtoolchain/bin/../lib/gcc/avr/4.6.2/../../../../avr/lib/avr5/crtm16.o
 .bss           0x0080006a       0x18 final_spark_code.o
                0x0080006a                pulse
                0x0080006e                Right_white_line
                0x0080006f                Center_white_line
                0x00800070                Left_white_line
                0x00800071                next
                0x00800072                rs
                0x00800073                r
                0x00800074                side
                0x00800075                task
                0x00800076                t
                0x00800077                l
                0x00800078                ShaftCountRight
                0x0080007c                ShaftCountLeft
                0x00800080                max
                0x00800081                g
 .bss           0x00800082        0x0 c:/program files (x86)/atmel/atmel studio 6.0/extensions/atmel/avrgcc/3.4.0.65/avrtoolchain/bin/../lib/gcc/avr/4.6.2/../../../../avr/lib/avr5\libm.a(addsf3.o)
 .bss           0x00800082        0x0 c:/program files (x86)/atmel/atmel studio 6.0/extensions/atmel/avrgcc/3.4.0.65/avrtoolchain/bin/../lib/gcc/avr/4.6.2/../../../../avr/lib/avr5\libm.a(addsf3x.o)
 .bss           0x00800082        0x0 c:/program files (x86)/atmel/atmel studio 6.0/extensions/atmel/avrgcc/3.4.0.65/avrtoolchain/bin/../lib/gcc/avr/4.6.2/../../../../avr/lib/avr5\libm.a(divsf3.o)
 .bss           0x00800082        0x0 c:/program files (x86)/atmel/atmel studio 6.0/extensions/atmel/avrgcc/3.4.0.65/avrtoolchain/bin/../lib/gcc/avr/4.6.2/../../../../avr/lib/avr5\libm.a(divsf3x.o)
 .bss           0x00800082        0x0 c:/program files (x86)/atmel/atmel studio 6.0/extensions/atmel/avrgcc/3.4.0.65/avrtoolchain/bin/../lib/gcc/avr/4.6.2/../../../../avr/lib/avr5\libm.a(fixunssfsi.o)
 .bss           0x00800082        0x0 c:/program files (x86)/atmel/atmel studio 6.0/extensions/atmel/avrgcc/3.4.0.65/avrtoolchain/bin/../lib/gcc/avr/4.6.2/../../../../avr/lib/avr5\libm.a(floatsisf.o)
 .bss           0x00800082        0x0 c:/program files (x86)/atmel/atmel studio 6.0/extensions/atmel/avrgcc/3.4.0.65/avrtoolchain/bin/../lib/gcc/avr/4.6.2/../../../../avr/lib/avr5\libm.a(fp_inf.o)
 .bss           0x00800082        0x0 c:/program files (x86)/atmel/atmel studio 6.0/extensions/atmel/avrgcc/3.4.0.65/avrtoolchain/bin/../lib/gcc/avr/4.6.2/../../../../avr/lib/avr5\libm.a(fp_nan.o)
 .bss           0x00800082        0x0 c:/program files (x86)/atmel/atmel studio 6.0/extensions/atmel/avrgcc/3.4.0.65/avrtoolchain/bin/../lib/gcc/avr/4.6.2/../../../../avr/lib/avr5\libm.a(fp_pscA.o)
 .bss           0x00800082        0x0 c:/program files (x86)/atmel/atmel studio 6.0/extensions/atmel/avrgcc/3.4.0.65/avrtoolchain/bin/../lib/gcc/avr/4.6.2/../../../../avr/lib/avr5\libm.a(fp_pscB.o)
 .bss           0x00800082        0x0 c:/program files (x86)/atmel/atmel studio 6.0/extensions/atmel/avrgcc/3.4.0.65/avrtoolchain/bin/../lib/gcc/avr/4.6.2/../../../../avr/lib/avr5\libm.a(fp_round.o)
 .bss           0x00800082        0x0 c:/program files (x86)/atmel/atmel studio 6.0/extensions/atmel/avrgcc/3.4.0.65/avrtoolchain/bin/../lib/gcc/avr/4.6.2/../../../../avr/lib/avr5\libm.a(fp_split3.o)
 .bss           0x00800082        0x0 c:/program files (x86)/atmel/atmel studio 6.0/extensions/atmel/avrgcc/3.4.0.65/avrtoolchain/bin/../lib/gcc/avr/4.6.2/../../../../avr/lib/avr5\libm.a(fp_zero.o)
 .bss           0x00800082        0x0 c:/program files (x86)/atmel/atmel studio 6.0/extensions/atmel/avrgcc/3.4.0.65/avrtoolchain/bin/../lib/gcc/avr/4.6.2/avr5\libgcc.a(_divmodhi4.o)
 .bss           0x00800082        0x0 c:/program files (x86)/atmel/atmel studio 6.0/extensions/atmel/avrgcc/3.4.0.65/avrtoolchain/bin/../lib/gcc/avr/4.6.2/avr5\libgcc.a(_exit.o)
 .bss           0x00800082        0x0 c:/program files (x86)/atmel/atmel studio 6.0/extensions/atmel/avrgcc/3.4.0.65/avrtoolchain/bin/../lib/gcc/avr/4.6.2/avr5\libgcc.a(_copy_data.o)
 .bss           0x00800082        0x0 c:/program files (x86)/atmel/atmel studio 6.0/extensions/atmel/avrgcc/3.4.0.65/avrtoolchain/bin/../lib/gcc/avr/4.6.2/avr5\libgcc.a(_clear_bss.o)
 .bss           0x00800082        0x0 c:/program files (x86)/atmel/atmel studio 6.0/extensions/atmel/avrgcc/3.4.0.65/avrtoolchain/bin/../lib/gcc/avr/4.6.2/avr5\libgcc.a(_udivmodhi4.o)
 *(.bss*)
 *(COMMON)
 COMMON         0x00800082       0x91 final_spark_code.o
                0x00800082                green_nodes
                0x0080008e                blue_nodes
                0x0080009a                blue
                0x0080009e                Degrees
                0x008000a0                green_side
                0x008000ac                blue_side
                0x008000c0                green
                0x008000c4                red
                0x008000c8                path1
                0x008000d7                ADC_Value
                0x008000d8                Center_ultrasonic_Sensor
                0x008000d9                Right_ultrasonic_Sensor
                0x008000da                BATT_Voltage
                0x008000dc                Left_ultrasonic_Sensor
                0x008000dd                data
                0x008000f2                ADC_Value_sharp
                0x008000f3                red_nodes
                0x008000ff                red_side
                0x00800113                PROVIDE (__bss_end, .)
                0x00001f12                __data_load_start = LOADADDR (.data)
                0x00001f1c                __data_load_end = (__data_load_start + SIZEOF (.data))

.noinit         0x00800113        0x0
                0x00800113                PROVIDE (__noinit_start, .)
 *(.noinit*)
                0x00800113                PROVIDE (__noinit_end, .)
                0x00800113                _end = .
                0x00800113                PROVIDE (__heap_start, .)

.eeprom         0x00810000        0x0
 *(.eeprom*)
                0x00810000                __eeprom_end = .

.fuse
 *(.fuse)
 *(.lfuse)
 *(.hfuse)
 *(.efuse)

.lock
 *(.lock*)

.signature
 *(.signature*)

.stab           0x00000000     0x1be4
 *(.stab)
 .stab          0x00000000      0x6cc c:/program files (x86)/atmel/atmel studio 6.0/extensions/atmel/avrgcc/3.4.0.65/avrtoolchain/bin/../lib/gcc/avr/4.6.2/../../../../avr/lib/avr5/crtm16.o
 .stab          0x000006cc       0x78 c:/program files (x86)/atmel/atmel studio 6.0/extensions/atmel/avrgcc/3.4.0.65/avrtoolchain/bin/../lib/gcc/avr/4.6.2/../../../../avr/lib/avr5\libm.a(addsf3.o)
                                 0x84 (size before relaxing)
 .stab          0x00000744      0x4bc c:/program files (x86)/atmel/atmel studio 6.0/extensions/atmel/avrgcc/3.4.0.65/avrtoolchain/bin/../lib/gcc/avr/4.6.2/../../../../avr/lib/avr5\libm.a(addsf3x.o)
                                0x4c8 (size before relaxing)
 .stab          0x00000c00       0x48 c:/program files (x86)/atmel/atmel studio 6.0/extensions/atmel/avrgcc/3.4.0.65/avrtoolchain/bin/../lib/gcc/avr/4.6.2/../../../../avr/lib/avr5\libm.a(divsf3.o)
                                 0x54 (size before relaxing)
 .stab          0x00000c48      0x510 c:/program files (x86)/atmel/atmel studio 6.0/extensions/atmel/avrgcc/3.4.0.65/avrtoolchain/bin/../lib/gcc/avr/4.6.2/../../../../avr/lib/avr5\libm.a(divsf3x.o)
                                0x51c (size before relaxing)
 .stab          0x00001158      0x240 c:/program files (x86)/atmel/atmel studio 6.0/extensions/atmel/avrgcc/3.4.0.65/avrtoolchain/bin/../lib/gcc/avr/4.6.2/../../../../avr/lib/avr5\libm.a(fixunssfsi.o)
                                0x24c (size before relaxing)
 .stab          0x00001398      0x318 c:/program files (x86)/atmel/atmel studio 6.0/extensions/atmel/avrgcc/3.4.0.65/avrtoolchain/bin/../lib/gcc/avr/4.6.2/../../../../avr/lib/avr5\libm.a(floatsisf.o)
                                0x324 (size before relaxing)
 .stab          0x000016b0       0x78 c:/program files (x86)/atmel/atmel studio 6.0/extensions/atmel/avrgcc/3.4.0.65/avrtoolchain/bin/../lib/gcc/avr/4.6.2/../../../../avr/lib/avr5\libm.a(fp_inf.o)
                                 0x84 (size before relaxing)
 .stab          0x00001728       0x54 c:/program files (x86)/atmel/atmel studio 6.0/extensions/atmel/avrgcc/3.4.0.65/avrtoolchain/bin/../lib/gcc/avr/4.6.2/../../../../avr/lib/avr5\libm.a(fp_nan.o)
                                 0x60 (size before relaxing)
 .stab          0x0000177c       0x84 c:/program files (x86)/atmel/atmel studio 6.0/extensions/atmel/avrgcc/3.4.0.65/avrtoolchain/bin/../lib/gcc/avr/4.6.2/../../../../avr/lib/avr5\libm.a(fp_pscA.o)
                                 0x90 (size before relaxing)
 .stab          0x00001800       0x84 c:/program files (x86)/atmel/atmel studio 6.0/extensions/atmel/avrgcc/3.4.0.65/avrtoolchain/bin/../lib/gcc/avr/4.6.2/../../../../avr/lib/avr5\libm.a(fp_pscB.o)
                                 0x90 (size before relaxing)
 .stab          0x00001884       0xfc c:/program files (x86)/atmel/atmel studio 6.0/extensions/atmel/avrgcc/3.4.0.65/avrtoolchain/bin/../lib/gcc/avr/4.6.2/../../../../avr/lib/avr5\libm.a(fp_round.o)
                                0x108 (size before relaxing)
 .stab          0x00001980      0x1d4 c:/program files (x86)/atmel/atmel studio 6.0/extensions/atmel/avrgcc/3.4.0.65/avrtoolchain/bin/../lib/gcc/avr/4.6.2/../../../../avr/lib/avr5\libm.a(fp_split3.o)
                                0x1e0 (size before relaxing)
 .stab          0x00001b54       0x90 c:/program files (x86)/atmel/atmel studio 6.0/extensions/atmel/avrgcc/3.4.0.65/avrtoolchain/bin/../lib/gcc/avr/4.6.2/../../../../avr/lib/avr5\libm.a(fp_zero.o)
                                 0x9c (size before relaxing)

.stabstr        0x00000000      0x583
 *(.stabstr)
 .stabstr       0x00000000      0x583 c:/program files (x86)/atmel/atmel studio 6.0/extensions/atmel/avrgcc/3.4.0.65/avrtoolchain/bin/../lib/gcc/avr/4.6.2/../../../../avr/lib/avr5/crtm16.o

.stab.excl
 *(.stab.excl)

.stab.exclstr
 *(.stab.exclstr)

.stab.index
 *(.stab.index)

.stab.indexstr
 *(.stab.indexstr)

.comment
 *(.comment)

.debug
 *(.debug)

.line
 *(.line)

.debug_srcinfo
 *(.debug_srcinfo)

.debug_sfnames
 *(.debug_sfnames)

.debug_aranges  0x00000000       0xc0
 *(.debug_aranges)
 .debug_aranges
                0x00000000       0x20 final_spark_code.o
 .debug_aranges
                0x00000020       0x20 c:/program files (x86)/atmel/atmel studio 6.0/extensions/atmel/avrgcc/3.4.0.65/avrtoolchain/bin/../lib/gcc/avr/4.6.2/avr5\libgcc.a(_divmodhi4.o)
 .debug_aranges
                0x00000040       0x20 c:/program files (x86)/atmel/atmel studio 6.0/extensions/atmel/avrgcc/3.4.0.65/avrtoolchain/bin/../lib/gcc/avr/4.6.2/avr5\libgcc.a(_exit.o)
 .debug_aranges
                0x00000060       0x20 c:/program files (x86)/atmel/atmel studio 6.0/extensions/atmel/avrgcc/3.4.0.65/avrtoolchain/bin/../lib/gcc/avr/4.6.2/avr5\libgcc.a(_copy_data.o)
 .debug_aranges
                0x00000080       0x20 c:/program files (x86)/atmel/atmel studio 6.0/extensions/atmel/avrgcc/3.4.0.65/avrtoolchain/bin/../lib/gcc/avr/4.6.2/avr5\libgcc.a(_clear_bss.o)
 .debug_aranges
                0x000000a0       0x20 c:/program files (x86)/atmel/atmel studio 6.0/extensions/atmel/avrgcc/3.4.0.65/avrtoolchain/bin/../lib/gcc/avr/4.6.2/avr5\libgcc.a(_udivmodhi4.o)

.debug_pubnames
 *(.debug_pubnames)

.debug_info     0x00000000     0x2c8d
 *(.debug_info)
 .debug_info    0x00000000     0x283c final_spark_code.o
 .debug_info    0x0000283c       0xdd c:/program files (x86)/atmel/atmel studio 6.0/extensions/atmel/avrgcc/3.4.0.65/avrtoolchain/bin/../lib/gcc/avr/4.6.2/avr5\libgcc.a(_divmodhi4.o)
 .debug_info    0x00002919       0xdd c:/program files (x86)/atmel/atmel studio 6.0/extensions/atmel/avrgcc/3.4.0.65/avrtoolchain/bin/../lib/gcc/avr/4.6.2/avr5\libgcc.a(_exit.o)
 .debug_info    0x000029f6       0xdd c:/program files (x86)/atmel/atmel studio 6.0/extensions/atmel/avrgcc/3.4.0.65/avrtoolchain/bin/../lib/gcc/avr/4.6.2/avr5\libgcc.a(_copy_data.o)
 .debug_info    0x00002ad3       0xdd c:/program files (x86)/atmel/atmel studio 6.0/extensions/atmel/avrgcc/3.4.0.65/avrtoolchain/bin/../lib/gcc/avr/4.6.2/avr5\libgcc.a(_clear_bss.o)
 .debug_info    0x00002bb0       0xdd c:/program files (x86)/atmel/atmel studio 6.0/extensions/atmel/avrgcc/3.4.0.65/avrtoolchain/bin/../lib/gcc/avr/4.6.2/avr5\libgcc.a(_udivmodhi4.o)
 *(.gnu.linkonce.wi.*)

.debug_abbrev   0x00000000      0x479
 *(.debug_abbrev)
 .debug_abbrev  0x00000000      0x415 final_spark_code.o
 .debug_abbrev  0x00000415       0x14 c:/program files (x86)/atmel/atmel studio 6.0/extensions/atmel/avrgcc/3.4.0.65/avrtoolchain/bin/../lib/gcc/avr/4.6.2/avr5\libgcc.a(_divmodhi4.o)
 .debug_abbrev  0x00000429       0x14 c:/program files (x86)/atmel/atmel studio 6.0/extensions/atmel/avrgcc/3.4.0.65/avrtoolchain/bin/../lib/gcc/avr/4.6.2/avr5\libgcc.a(_exit.o)
 .debug_abbrev  0x0000043d       0x14 c:/program files (x86)/atmel/atmel studio 6.0/extensions/atmel/avrgcc/3.4.0.65/avrtoolchain/bin/../lib/gcc/avr/4.6.2/avr5\libgcc.a(_copy_data.o)
 .debug_abbrev  0x00000451       0x14 c:/program files (x86)/atmel/atmel studio 6.0/extensions/atmel/avrgcc/3.4.0.65/avrtoolchain/bin/../lib/gcc/avr/4.6.2/avr5\libgcc.a(_clear_bss.o)
 .debug_abbrev  0x00000465       0x14 c:/program files (x86)/atmel/atmel studio 6.0/extensions/atmel/avrgcc/3.4.0.65/avrtoolchain/bin/../lib/gcc/avr/4.6.2/avr5\libgcc.a(_udivmodhi4.o)

.debug_line     0x00000000      0xcd4
 *(.debug_line)
 .debug_line    0x00000000      0x9fa final_spark_code.o
 .debug_line    0x000009fa       0x99 c:/program files (x86)/atmel/atmel studio 6.0/extensions/atmel/avrgcc/3.4.0.65/avrtoolchain/bin/../lib/gcc/avr/4.6.2/avr5\libgcc.a(_divmodhi4.o)
 .debug_line    0x00000a93       0x88 c:/program files (x86)/atmel/atmel studio 6.0/extensions/atmel/avrgcc/3.4.0.65/avrtoolchain/bin/../lib/gcc/avr/4.6.2/avr5\libgcc.a(_exit.o)
 .debug_line    0x00000b1b       0x91 c:/program files (x86)/atmel/atmel studio 6.0/extensions/atmel/avrgcc/3.4.0.65/avrtoolchain/bin/../lib/gcc/avr/4.6.2/avr5\libgcc.a(_copy_data.o)
 .debug_line    0x00000bac       0x8e c:/program files (x86)/atmel/atmel studio 6.0/extensions/atmel/avrgcc/3.4.0.65/avrtoolchain/bin/../lib/gcc/avr/4.6.2/avr5\libgcc.a(_clear_bss.o)
 .debug_line    0x00000c3a       0x9a c:/program files (x86)/atmel/atmel studio 6.0/extensions/atmel/avrgcc/3.4.0.65/avrtoolchain/bin/../lib/gcc/avr/4.6.2/avr5\libgcc.a(_udivmodhi4.o)

.debug_frame    0x00000000      0x854
 *(.debug_frame)
 .debug_frame   0x00000000      0x854 final_spark_code.o

.debug_str      0x00000000      0x8fb
 *(.debug_str)
 .debug_str     0x00000000      0x8fb final_spark_code.o
                                0x98b (size before relaxing)

.debug_loc      0x00000000     0x23e7
 *(.debug_loc)
 .debug_loc     0x00000000     0x23e7 final_spark_code.o

.debug_macinfo
 *(.debug_macinfo)
OUTPUT(final_spark_code.elf elf32-avr)
LOAD linker stubs

.debug_ranges   0x00000000      0x108
 .debug_ranges  0x00000000      0x108 final_spark_code.o
